\BOOKMARK [1][]{section.1}{\376\377\000I\000n\000t\000r\000o\000d\000u\000c\000t\000i\000o\000n}{}% 1
\BOOKMARK [1][]{section.2}{\376\377\000R\000e\000l\000a\000t\000e\000d\000\040\000W\000o\000r\000k}{}% 2
\BOOKMARK [2][]{subsection.2.1}{\376\377\000R\000e\000s\000e\000a\000r\000c\000h\000\040\000B\000a\000c\000k\000g\000r\000o\000u\000n\000d}{section.2}% 3
\BOOKMARK [3][]{subsubsection.2.1.1}{\376\377\000T\000r\000a\000d\000i\000t\000i\000o\000n\000a\000l\000\040\000P\000a\000t\000h\000\040\000P\000l\000a\000n\000n\000i\000n\000g\000\040\000A\000l\000g\000o\000r\000i\000t\000h\000m\000s}{subsection.2.1}% 4
\BOOKMARK [3][]{subsubsection.2.1.2}{\376\377\000R\000e\000i\000n\000f\000o\000r\000c\000e\000m\000e\000n\000t\000\040\000L\000e\000a\000r\000n\000i\000n\000g\000-\000B\000a\000s\000e\000d\000\040\000P\000a\000t\000h\000\040\000P\000l\000a\000n\000n\000i\000n\000g\000\040\000A\000l\000g\000o\000r\000i\000t\000h\000m\000s}{subsection.2.1}% 5
\BOOKMARK [2][]{subsection.2.2}{\376\377\000S\000u\000m\000m\000a\000r\000y\000\040\000a\000n\000d\000\040\000P\000r\000o\000b\000l\000e\000m\000\040\000A\000n\000a\000l\000y\000s\000i\000s}{section.2}% 6
\BOOKMARK [1][]{section.3}{\376\377\000M\000e\000t\000h\000o\000d}{}% 7
\BOOKMARK [2][]{subsection.3.1}{\376\377\000R\000M\000F\000S\000\040\000E\000n\000v\000i\000r\000o\000n\000m\000e\000n\000t\000\040\000M\000o\000d\000e\000l\000i\000n\000g}{section.3}% 8
\BOOKMARK [2][]{subsection.3.2}{\376\377\000D\000Q\000N\000\040\000A\000l\000g\000o\000r\000i\000t\000h\000m\000\040\000f\000o\000r\000\040\000A\000G\000V\000\040\000P\000a\000t\000h\000\040\000P\000l\000a\000n\000n\000i\000n\000g}{section.3}% 9
\BOOKMARK [3][]{subsubsection.3.2.1}{\376\377\000S\000t\000a\000t\000e\000\040\000S\000p\000a\000c\000e}{subsection.3.2}% 10
\BOOKMARK [3][]{subsubsection.3.2.2}{\376\377\000A\000c\000t\000i\000o\000n\000\040\000S\000p\000a\000c\000e}{subsection.3.2}% 11
\BOOKMARK [3][]{subsubsection.3.2.3}{\376\377\000R\000e\000w\000a\000r\000d\000\040\000S\000t\000r\000u\000c\000t\000u\000r\000e}{subsection.3.2}% 12
\BOOKMARK [3][]{subsubsection.3.2.4}{\376\377\000N\000e\000u\000r\000a\000l\000\040\000N\000e\000t\000w\000o\000r\000k\000\040\000A\000r\000c\000h\000i\000t\000e\000c\000t\000u\000r\000e}{subsection.3.2}% 13
\BOOKMARK [2][]{subsection.3.3}{\376\377\000R\000e\000w\000a\000r\000d\000\040\000S\000h\000a\000p\000i\000n\000g}{section.3}% 14
\BOOKMARK [2][]{subsection.3.4}{\376\377\000D\000y\000n\000a\000m\000i\000c\000\040\000P\000o\000t\000e\000n\000t\000i\000a\000l\000-\000B\000a\000s\000e\000d\000\040\000R\000e\000w\000a\000r\000d\000\040\000S\000h\000a\000p\000i\000n\000g}{section.3}% 15
\BOOKMARK [3][]{subsubsection.3.4.1}{\376\377\000T\000h\000e\000o\000r\000e\000t\000i\000c\000a\000l\000\040\000F\000o\000u\000n\000d\000a\000t\000i\000o\000n\000:\000\040\000F\000r\000o\000m\000\040\000S\000t\000a\000t\000i\000c\000\040\000t\000o\000\040\000D\000y\000n\000a\000m\000i\000c}{subsection.3.4}% 16
\BOOKMARK [3][]{subsubsection.3.4.2}{\376\377\000P\000o\000t\000e\000n\000t\000i\000a\000l\000\040\000F\000u\000n\000c\000t\000i\000o\000n\000\040\000B\000a\000s\000e\000d\000\040\000o\000n\000\040\000D\000*\000\040\000L\000i\000t\000e\000\040\000D\000i\000s\000t\000a\000n\000c\000e\000\040\000F\000i\000e\000l\000d}{subsection.3.4}% 17
\BOOKMARK [3][]{subsubsection.3.4.3}{\376\377\000D\000e\000f\000e\000r\000r\000e\000d\000\040\000C\000o\000m\000p\000u\000t\000a\000t\000i\000o\000n\000\040\000o\000f\000\040\000D\000y\000n\000a\000m\000i\000c\000\040\000P\000o\000t\000e\000n\000t\000i\000a\000l\000\040\000a\000n\000d\000\040\000P\000r\000i\000o\000r\000i\000t\000i\000z\000e\000d\000\040\000E\000x\000p\000e\000r\000i\000e\000n\000c\000e\000\040\000R\000e\000p\000l\000a\000y}{subsection.3.4}% 18
\BOOKMARK [2][]{subsection.3.5}{\376\377\000O\000v\000e\000r\000a\000l\000l\000\040\000A\000r\000c\000h\000i\000t\000e\000c\000t\000u\000r\000e\000\040\000o\000f\000\040\000t\000h\000e\000\040\000D\000R\000S\000-\000D\000Q\000N\000\040\000A\000l\000g\000o\000r\000i\000t\000h\000m}{section.3}% 19
\BOOKMARK [1][]{section.4}{\376\377\133\236\232\214}{}% 20
\BOOKMARK [2][]{subsection.4.1}{\376\377\133\236\232\214\213\276\177\156}{section.4}% 21
\BOOKMARK [2][]{subsection.4.2}{\376\377\133\236\232\214\176\323\147\234\116\016\122\006\147\220}{section.4}% 22
\BOOKMARK [1][]{section.5}{\376\377\176\323\213\272}{}% 23
